// Jest Snapshot v1, https://goo.gl/fbAQLP

exports[`CallToAction renders properly 1`] = `"<div class=\\"call-to-action\\"><img src=\\"~assets/img/wave-top.svg\\" alt=\\"\\"> <call-to-action-content-stub></call-to-action-content-stub></div>"`;
